<!doctype html><html><body><p>items:</p><ul><li>1</li><li>2</li></ul></body></html>
<!doctype html><html><body><p>no items</p></body></html>
